data/breakfast-at-the-frat/subsets/incomplete/7797508006-21237-incomplete.csv
"WEEK_END_DATE","STORE_NUM","UPC","UNITS","VISITS","HHS","SPEND","PRICE","BASE_PRICE","FEATURE","DISPLAY","TPR_ONLY","WEEK_END_DATE_2","YEAR","MONTH","DAY_OF_MONTH","ABS_DISCOUNT","REL_DISCOUNT"
"14-01-2009",21237,7797508006,38,37,36,95.76,2.52,2.89,0,1,0,2009-01-14,2009,1,14,-0.37,-0.1280276816609
"21-01-2009",21237,7797508006,31,29,29,77.5,2.5,2.89,0,1,0,2009-01-21,2009,1,21,-0.39,-0.134948096885813
"28-01-2009",21237,7797508006,25,25,25,62.5,2.5,2.89,0,1,0,2009-01-28,2009,1,28,-0.39,-0.134948096885813
"04-02-2009",21237,7797508006,22,22,22,55,2.5,2.89,0,1,0,2009-02-04,2009,2,4,-0.39,-0.134948096885813
"11-02-2009",21237,7797508006,20,20,20,59.4,2.97,2.97,0,0,0,2009-02-11,2009,2,11,0,0
"18-02-2009",21237,7797508006,10,10,10,29.9,2.99,2.99,0,0,0,2009-02-18,2009,2,18,0,0
"25-02-2009",21237,7797508006,18,18,18,53.82,2.99,2.99,0,0,0,2009-02-25,2009,2,25,0,0
"04-03-2009",21237,7797508006,17,16,15,50.83,2.99,2.99,0,0,0,2009-03-04,2009,3,4,0,0
"11-03-2009",21237,7797508006,13,12,12,38.87,2.99,2.99,0,0,0,2009-03-11,2009,3,11,0,0
"18-03-2009",21237,7797508006,31,30,30,77.19,2.49,2.99,0,1,0,2009-03-18,2009,3,18,-0.5,-0.167224080267559
"25-03-2009",21237,7797508006,34,32,32,85,2.5,2.99,0,1,0,2009-03-25,2009,3,25,-0.49,-0.163879598662207
"01-04-2009",21237,7797508006,19,19,19,47.31,2.49,2.99,0,1,0,2009-04-01,2009,4,1,-0.5,-0.167224080267559
"08-04-2009",21237,7797508006,12,12,11,35.4,2.95,2.95,0,0,0,2009-04-08,2009,4,8,0,0
"15-04-2009",21237,7797508006,6,6,6,17.94,2.99,2.99,0,0,0,2009-04-15,2009,4,15,0,0
"22-04-2009",21237,7797508006,16,16,15,47.84,2.99,2.99,0,0,0,2009-04-22,2009,4,22,0,0
"29-04-2009",21237,7797508006,12,12,12,35.88,2.99,2.99,0,0,0,2009-04-29,2009,4,29,0,0
"06-05-2009",21237,7797508006,8,8,8,23.92,2.99,2.99,0,0,0,2009-05-06,2009,5,6,0,0
"13-05-2009",21237,7797508006,13,13,13,38.87,2.99,2.99,0,0,0,2009-05-13,2009,5,13,0,0
"20-05-2009",21237,7797508006,16,16,16,47.84,2.99,2.99,0,0,0,2009-05-20,2009,5,20,0,0
"27-05-2009",21237,7797508006,11,11,11,32.89,2.99,2.99,0,0,0,2009-05-27,2009,5,27,0,0
"03-06-2009",21237,7797508006,15,15,15,44.85,2.99,2.99,0,0,0,2009-06-03,2009,6,3,0,0
"10-06-2009",21237,7797508006,33,30,30,82.5,2.5,2.99,0,1,0,2009-06-10,2009,6,10,-0.49,-0.163879598662207
"17-06-2009",21237,7797508006,37,33,33,92.5,2.5,2.99,0,1,0,2009-06-17,2009,6,17,-0.49,-0.163879598662207
"24-06-2009",21237,7797508006,34,31,31,85,2.5,2.99,0,1,0,2009-06-24,2009,6,24,-0.49,-0.163879598662207
"01-07-2009",21237,7797508006,16,16,15,47.84,2.99,2.99,0,0,0,2009-07-01,2009,7,1,0,0
"08-07-2009",21237,7797508006,15,14,14,44.85,2.99,2.99,0,0,0,2009-07-08,2009,7,8,0,0
"15-07-2009",21237,7797508006,21,21,20,62.79,2.99,2.99,0,0,0,2009-07-15,2009,7,15,0,0
"22-07-2009",21237,7797508006,38,37,37,102.6,2.7,2.99,0,1,0,2009-07-22,2009,7,22,-0.29,-0.096989966555184
"29-07-2009",21237,7797508006,37,34,34,99.53,2.69,2.99,0,1,0,2009-07-29,2009,7,29,-0.3,-0.100334448160535
"05-08-2009",21237,7797508006,15,15,15,40.35,2.69,2.99,0,1,0,2009-08-05,2009,8,5,-0.3,-0.100334448160535
"12-08-2009",21237,7797508006,9,9,9,26.91,2.99,2.99,0,0,0,2009-08-12,2009,8,12,0,0
"19-08-2009",21237,7797508006,1,1,1,2.99,2.99,2.99,0,0,0,2009-08-19,2009,8,19,0,0
"30-09-2009",21237,7797508006,12,11,11,30.12,2.51,2.99,0,0,1,2009-09-30,2009,9,30,-0.48,-0.160535117056856
"07-10-2009",21237,7797508006,8,8,8,23.92,2.99,2.99,0,0,0,2009-10-07,2009,10,7,0,0
"14-10-2009",21237,7797508006,12,12,12,35.88,2.99,2.99,0,0,0,2009-10-14,2009,10,14,0,0
"21-10-2009",21237,7797508006,12,11,10,35.88,2.99,2.99,0,0,0,2009-10-21,2009,10,21,0,0
"28-10-2009",21237,7797508006,9,9,9,26.91,2.99,2.99,0,0,0,2009-10-28,2009,10,28,0,0
"04-11-2009",21237,7797508006,25,24,24,67.25,2.69,2.99,0,1,0,2009-11-04,2009,11,4,-0.3,-0.100334448160535
"11-11-2009",21237,7797508006,18,16,16,48.78,2.71,2.99,0,1,0,2009-11-11,2009,11,11,-0.28,-0.0936454849498329
"18-11-2009",21237,7797508006,11,11,11,29.81,2.71,2.71,0,0,0,2009-11-18,2009,11,18,0,0
"25-11-2009",21237,7797508006,10,10,10,29.9,2.99,2.99,0,0,0,2009-11-25,2009,11,25,0,0
"02-12-2009",21237,7797508006,14,14,14,41.86,2.99,2.99,0,0,0,2009-12-02,2009,12,2,0,0
"09-12-2009",21237,7797508006,17,16,16,50.83,2.99,2.99,0,0,0,2009-12-09,2009,12,9,0,0
"16-12-2009",21237,7797508006,16,16,16,47.84,2.99,2.99,0,0,0,2009-12-16,2009,12,16,0,0
"23-12-2009",21237,7797508006,5,5,5,14.95,2.99,2.99,0,0,0,2009-12-23,2009,12,23,0,0
"30-12-2009",21237,7797508006,13,13,13,38.87,2.99,2.99,0,0,0,2009-12-30,2009,12,30,0,0
"06-01-2010",21237,7797508006,10,10,10,29.9,2.99,2.99,0,0,0,2010-01-06,2010,1,6,0,0
"13-01-2010",21237,7797508006,8,8,8,23.92,2.99,2.99,0,0,0,2010-01-13,2010,1,13,0,0
"20-01-2010",21237,7797508006,8,8,8,23.92,2.99,2.99,0,0,0,2010-01-20,2010,1,20,0,0
"27-01-2010",21237,7797508006,10,10,10,29.9,2.99,2.99,0,0,0,2010-01-27,2010,1,27,0,0
"03-02-2010",21237,7797508006,23,20,20,57.27,2.49,2.99,0,1,0,2010-02-03,2010,2,3,-0.5,-0.167224080267559
"10-02-2010",21237,7797508006,38,37,36,94.62,2.49,2.99,0,0,1,2010-02-10,2010,2,10,-0.5,-0.167224080267559
"17-02-2010",21237,7797508006,20,20,20,49.8,2.49,2.99,0,1,0,2010-02-17,2010,2,17,-0.5,-0.167224080267559
"24-02-2010",21237,7797508006,9,9,9,26.91,2.99,2.99,0,0,0,2010-02-24,2010,2,24,0,0
"03-03-2010",21237,7797508006,7,7,7,20.93,2.99,2.99,0,0,0,2010-03-03,2010,3,3,0,0
"10-03-2010",21237,7797508006,13,12,12,38.87,2.99,2.99,0,0,0,2010-03-10,2010,3,10,0,0
"17-03-2010",21237,7797508006,15,15,15,44.85,2.99,2.99,0,1,0,2010-03-17,2010,3,17,0,0
"24-03-2010",21237,7797508006,53,49,49,131.97,2.49,2.99,0,1,0,2010-03-24,2010,3,24,-0.5,-0.167224080267559
"31-03-2010",21237,7797508006,55,52,52,136.95,2.49,2.99,0,1,0,2010-03-31,2010,3,31,-0.5,-0.167224080267559
"07-04-2010",21237,7797508006,23,21,21,57.27,2.49,2.99,0,0,1,2010-04-07,2010,4,7,-0.5,-0.167224080267559
"14-04-2010",21237,7797508006,20,19,18,59.8,2.99,2.99,0,1,0,2010-04-14,2010,4,14,0,0
"21-04-2010",21237,7797508006,16,14,13,47.84,2.99,2.99,0,1,0,2010-04-21,2010,4,21,0,0
"28-04-2010",21237,7797508006,13,13,13,38.87,2.99,2.99,0,1,0,2010-04-28,2010,4,28,0,0
"05-05-2010",21237,7797508006,25,23,22,74.75,2.99,2.99,0,0,0,2010-05-05,2010,5,5,0,0
"12-05-2010",21237,7797508006,14,14,14,41.86,2.99,2.99,0,1,0,2010-05-12,2010,5,12,0,0
"19-05-2010",21237,7797508006,19,18,18,56.81,2.99,2.99,0,1,0,2010-05-19,2010,5,19,0,0
"26-05-2010",21237,7797508006,24,20,20,71.76,2.99,2.99,0,1,0,2010-05-26,2010,5,26,0,0
"02-06-2010",21237,7797508006,38,32,32,95.38,2.51,2.99,0,0,1,2010-06-02,2010,6,2,-0.48,-0.160535117056856
"09-06-2010",21237,7797508006,41,38,37,103.32,2.52,2.99,0,0,1,2010-06-09,2010,6,9,-0.47,-0.157190635451505
"16-06-2010",21237,7797508006,26,24,24,65.52,2.52,2.99,0,0,1,2010-06-16,2010,6,16,-0.47,-0.157190635451505
"23-06-2010",21237,7797508006,29,26,25,72.5,2.5,2.99,0,0,1,2010-06-23,2010,6,23,-0.49,-0.163879598662207
"30-06-2010",21237,7797508006,14,14,14,41.86,2.99,2.99,0,0,0,2010-06-30,2010,6,30,0,0
"07-07-2010",21237,7797508006,21,20,20,62.79,2.99,2.99,0,0,0,2010-07-07,2010,7,7,0,0
"14-07-2010",21237,7797508006,16,14,14,47.84,2.99,2.99,0,0,0,2010-07-14,2010,7,14,0,0
"21-07-2010",21237,7797508006,24,21,21,59.76,2.49,2.99,0,0,1,2010-07-21,2010,7,21,-0.5,-0.167224080267559
"28-07-2010",21237,7797508006,29,26,26,72.21,2.49,2.99,0,0,1,2010-07-28,2010,7,28,-0.5,-0.167224080267559
"04-08-2010",21237,7797508006,22,22,22,54.78,2.49,2.99,0,0,1,2010-08-04,2010,8,4,-0.5,-0.167224080267559
"11-08-2010",21237,7797508006,22,18,17,65.34,2.97,2.97,0,0,0,2010-08-11,2010,8,11,0,0
"18-08-2010",21237,7797508006,12,12,12,35.88,2.99,2.99,0,0,0,2010-08-18,2010,8,18,0,0
"25-08-2010",21237,7797508006,15,13,13,37.5,2.5,2.99,0,0,1,2010-08-25,2010,8,25,-0.49,-0.163879598662207
"01-09-2010",21237,7797508006,22,19,19,55,2.5,2.99,0,1,0,2010-09-01,2010,9,1,-0.49,-0.163879598662207
"08-09-2010",21237,7797508006,34,31,31,85,2.5,2.99,0,1,0,2010-09-08,2010,9,8,-0.49,-0.163879598662207
"15-09-2010",21237,7797508006,33,32,31,82.5,2.5,2.99,0,1,0,2010-09-15,2010,9,15,-0.49,-0.163879598662207
"22-09-2010",21237,7797508006,25,22,21,74.75,2.99,2.99,0,1,0,2010-09-22,2010,9,22,0,0
"29-09-2010",21237,7797508006,11,11,11,32.89,2.99,2.99,0,0,0,2010-09-29,2010,9,29,0,0
"06-10-2010",21237,7797508006,22,19,19,65.78,2.99,2.99,0,0,0,2010-10-06,2010,10,6,0,0
"13-10-2010",21237,7797508006,13,12,12,38.87,2.99,2.99,0,0,0,2010-10-13,2010,10,13,0,0
"20-10-2010",21237,7797508006,13,13,13,38.87,2.99,2.99,0,0,0,2010-10-20,2010,10,20,0,0
"27-10-2010",21237,7797508006,15,14,14,44.85,2.99,2.99,0,0,0,2010-10-27,2010,10,27,0,0
"03-11-2010",21237,7797508006,16,14,14,47.84,2.99,2.99,0,0,0,2010-11-03,2010,11,3,0,0
"10-11-2010",21237,7797508006,28,27,27,69.72,2.49,2.99,0,1,0,2010-11-10,2010,11,10,-0.5,-0.167224080267559
"17-11-2010",21237,7797508006,26,25,25,64.74,2.49,2.99,0,1,0,2010-11-17,2010,11,17,-0.5,-0.167224080267559
"24-11-2010",21237,7797508006,30,29,29,74.7,2.49,2.99,0,1,0,2010-11-24,2010,11,24,-0.5,-0.167224080267559
"01-12-2010",21237,7797508006,20,20,18,59.8,2.99,2.99,0,1,0,2010-12-01,2010,12,1,0,0
"08-12-2010",21237,7797508006,21,21,21,62.79,2.99,2.99,0,1,0,2010-12-08,2010,12,8,0,0
"15-12-2010",21237,7797508006,30,26,24,89.7,2.99,2.99,0,1,0,2010-12-15,2010,12,15,0,0
"22-12-2010",21237,7797508006,30,29,29,89.7,2.99,2.99,0,1,0,2010-12-22,2010,12,22,0,0
"29-12-2010",21237,7797508006,20,20,20,59.8,2.99,2.99,0,1,0,2010-12-29,2010,12,29,0,0
"05-01-2011",21237,7797508006,43,38,38,107.5,2.5,2.99,0,0,1,2011-01-05,2011,1,5,-0.49,-0.163879598662207
"12-01-2011",21237,7797508006,34,33,33,85.34,2.51,2.99,0,1,0,2011-01-12,2011,1,12,-0.48,-0.160535117056856
"19-01-2011",21237,7797508006,28,26,26,70.56,2.52,2.99,0,1,0,2011-01-19,2011,1,19,-0.47,-0.157190635451505
"26-01-2011",21237,7797508006,23,20,20,57.5,2.5,2.99,0,1,0,2011-01-26,2011,1,26,-0.49,-0.163879598662207
"02-02-2011",21237,7797508006,14,12,12,37.66,2.69,2.99,0,1,0,2011-02-02,2011,2,2,-0.3,-0.100334448160535
"09-02-2011",21237,7797508006,26,24,23,69.94,2.69,2.99,0,1,0,2011-02-09,2011,2,9,-0.3,-0.100334448160535
"16-02-2011",21237,7797508006,23,21,20,57.27,2.49,2.99,0,1,0,2011-02-16,2011,2,16,-0.5,-0.167224080267559
"23-02-2011",21237,7797508006,11,10,10,27.39,2.49,2.99,0,0,1,2011-02-23,2011,2,23,-0.5,-0.167224080267559
"02-03-2011",21237,7797508006,28,24,24,69.72,2.49,2.99,0,1,0,2011-03-02,2011,3,2,-0.5,-0.167224080267559
"09-03-2011",21237,7797508006,25,23,23,62.25,2.49,2.99,0,1,0,2011-03-09,2011,3,9,-0.5,-0.167224080267559
"16-03-2011",21237,7797508006,34,33,33,85,2.5,2.99,0,1,0,2011-03-16,2011,3,16,-0.49,-0.163879598662207
"23-03-2011",21237,7797508006,22,21,21,65.78,2.99,2.99,0,1,0,2011-03-23,2011,3,23,0,0
"30-03-2011",21237,7797508006,25,25,24,74.75,2.99,2.99,0,1,0,2011-03-30,2011,3,30,0,0
"06-04-2011",21237,7797508006,24,23,23,71.76,2.99,2.99,0,1,0,2011-04-06,2011,4,6,0,0
"13-04-2011",21237,7797508006,21,20,20,62.79,2.99,2.99,0,1,0,2011-04-13,2011,4,13,0,0
"20-04-2011",21237,7797508006,24,24,24,71.76,2.99,2.99,0,1,0,2011-04-20,2011,4,20,0,0
"27-04-2011",21237,7797508006,25,24,24,74.75,2.99,2.99,0,1,0,2011-04-27,2011,4,27,0,0
"04-05-2011",21237,7797508006,29,29,28,72.21,2.49,2.99,0,1,0,2011-05-04,2011,5,4,-0.5,-0.167224080267559
"11-05-2011",21237,7797508006,33,32,32,78.21,2.37,2.99,0,1,0,2011-05-11,2011,5,11,-0.62,-0.207357859531773
"18-05-2011",21237,7797508006,32,31,31,77.76,2.43,2.99,0,1,0,2011-05-18,2011,5,18,-0.56,-0.187290969899666
"25-05-2011",21237,7797508006,27,27,26,88.83,3.29,2.99,0,1,0,2011-05-25,2011,5,25,0.3,0.100334448160535
"01-06-2011",21237,7797508006,18,18,18,59.22,3.29,2.99,0,1,0,2011-06-01,2011,6,1,0.3,0.100334448160535
"08-06-2011",21237,7797508006,21,21,21,69.09,3.29,3.29,0,0,0,2011-06-08,2011,6,8,0,0
"15-06-2011",21237,7797508006,14,14,14,46.06,3.29,3.29,0,1,0,2011-06-15,2011,6,15,0,0
"22-06-2011",21237,7797508006,12,11,11,39.48,3.29,3.29,0,1,0,2011-06-22,2011,6,22,0,0
"29-06-2011",21237,7797508006,30,29,28,98.7,3.29,3.29,0,0,0,2011-06-29,2011,6,29,0,0
"06-07-2011",21237,7797508006,28,28,28,92.12,3.29,3.29,0,0,0,2011-07-06,2011,7,6,0,0
"13-07-2011",21237,7797508006,32,31,31,93.76,2.93,3.29,0,0,1,2011-07-13,2011,7,13,-0.36,-0.109422492401216
"20-07-2011",21237,7797508006,26,26,26,70.46,2.71,3.29,0,0,1,2011-07-20,2011,7,20,-0.58,-0.17629179331307
"27-07-2011",21237,7797508006,32,27,27,87.36,2.73,3.29,0,0,1,2011-07-27,2011,7,27,-0.56,-0.170212765957447
"03-08-2011",21237,7797508006,15,14,14,49.35,3.29,3.29,0,0,0,2011-08-03,2011,8,3,0,0
"10-08-2011",21237,7797508006,16,15,15,52.64,3.29,3.29,0,0,0,2011-08-10,2011,8,10,0,0
"17-08-2011",21237,7797508006,16,15,15,52.64,3.29,3.29,0,0,0,2011-08-17,2011,8,17,0,0
"24-08-2011",21237,7797508006,22,17,17,58.08,2.64,3.29,0,0,1,2011-08-24,2011,8,24,-0.65,-0.197568389057751
"31-08-2011",21237,7797508006,30,30,30,77.1,2.57,3.29,0,0,1,2011-08-31,2011,8,31,-0.72,-0.218844984802432
"07-09-2011",21237,7797508006,27,27,27,73.17,2.71,3.29,0,0,1,2011-09-07,2011,9,7,-0.58,-0.17629179331307
"14-09-2011",21237,7797508006,24,21,20,76.56,3.19,3.19,0,0,0,2011-09-14,2011,9,14,0,0
"21-09-2011",21237,7797508006,26,26,26,85.54,3.29,3.29,0,0,0,2011-09-21,2011,9,21,0,0
"28-09-2011",21237,7797508006,17,16,16,55.93,3.29,3.29,0,0,0,2011-09-28,2011,9,28,0,0
"05-10-2011",21237,7797508006,21,20,20,69.09,3.29,3.29,0,0,0,2011-10-05,2011,10,5,0,0
"12-10-2011",21237,7797508006,26,24,24,85.54,3.29,3.29,0,0,0,2011-10-12,2011,10,12,0,0
"19-10-2011",21237,7797508006,18,17,17,59.22,3.29,3.29,0,0,0,2011-10-19,2011,10,19,0,0
"26-10-2011",21237,7797508006,29,29,28,95.41,3.29,3.29,0,0,0,2011-10-26,2011,10,26,0,0
"02-11-2011",21237,7797508006,21,20,20,69.09,3.29,3.29,0,0,0,2011-11-02,2011,11,2,0,0
"09-11-2011",21237,7797508006,26,22,22,85.54,3.29,3.29,0,0,0,2011-11-09,2011,11,9,0,0
"16-11-2011",21237,7797508006,24,24,24,78.96,3.29,3.29,0,0,0,2011-11-16,2011,11,16,0,0
"23-11-2011",21237,7797508006,32,32,32,79.68,2.49,3.29,0,0,1,2011-11-23,2011,11,23,-0.8,-0.243161094224924
"30-11-2011",21237,7797508006,38,35,35,95.38,2.51,3.29,0,0,1,2011-11-30,2011,11,30,-0.78,-0.237082066869301
"07-12-2011",21237,7797508006,54,52,49,135,2.5,3.29,0,0,1,2011-12-07,2011,12,7,-0.79,-0.240121580547112
"14-12-2011",21237,7797508006,31,28,28,101.99,3.29,3.29,0,0,0,2011-12-14,2011,12,14,0,0
"21-12-2011",21237,7797508006,34,34,34,111.86,3.29,3.29,0,0,0,2011-12-21,2011,12,21,0,0
"28-12-2011",21237,7797508006,46,43,43,151.34,3.29,3.29,0,0,0,2011-12-28,2011,12,28,0,0
"04-01-2012",21237,7797508006,31,31,29,101.99,3.29,3.29,0,0,0,2012-01-04,2012,1,4,0,0
